[www.benzthanachart.com/index.html]
[backblue.gif]
[fade.gif]
[index.html]
[www.benzthanachart.com/wp-content/themes/photonexus2/stylec1f9.css]
[www.benzthanachart.com/wp-content/themes/photonexus2/css/galleryc1f9.css]
[www.benzthanachart.com/wp-content/themes/photonexus2/js/fancybox/jquery.fancybox-1.3.4c1f9.css]
[www.benzthanachart.com/wp-content/themes/photonexus2/css/menu/superfishc1f9.css]
[www.benzthanachart.com/wp-content/themes/photonexus2/css/pagenavic1f9.css]
[www.benzthanachart.com/wp-content/plugins/jetpack/css/jetpackf3c8.css]
[www.benzthanachart.com/feed/index.html]
[www.benzthanachart.com/comments/feed/index.html]
[www.benzthanachart.com/wp-includes/js/jquery/jquery-migrate.min1576.js]
[www.benzthanachart.com/wp-content/themes/photonexus2/js/jquery.innerfadec1f9.js]
[www.benzthanachart.com/wp-content/themes/photonexus2/js/jquery.pikachoose.fullc1f9.js]
[www.benzthanachart.com/wp-includes/js/jquery/jqueryc1d8.js]
[www.benzthanachart.com/wp-content/themes/photonexus2/js/menu/superfishc1f9.js]
[www.benzthanachart.com/wp-content/themes/photonexus2/js/commonc1f9.js]
[www.benzthanachart.com/wp-content/themes/photonexus2/js/fancybox/jquery.fancybox-1.3.4.packc1f9.js]
[www.benzthanachart.com/xmlrpc0db0.php]
[www.benzthanachart.com/wp-includes/wlwmanifest.xml]
[www.benzthanachart.com/wp-json/index.html]
[www.benzthanachart.com/wp-content/plugins/vipers-video-quicktags/resources/expressinstall.swf]
[www.benzthanachart.com/wp-content/uploads/2013/12/logobig.jpg]
[www.benzthanachart.com/wp-content/uploads/2012/09/jubplha2.jpg]
[www.benzthanachart.com/wp-content/uploads/2012/09/11.jpg]
[www.benzthanachart.com/wp-content/uploads/2012/09/21.jpg]
[www.benzthanachart.com/about-me/index.html]
[www.benzthanachart.com/wp-content/uploads/2012/09/with-baby1.jpg]
[www.benzthanachart.com/contact/index.html]
[www.benzthanachart.com/wp-content/uploads/2012/09/scoopter1.jpg]
[www.benzthanachart.com/wp-content/uploads/2012/09/fffff.jpg]
[www.benzthanachart.com/i-meditate/index.html]
[www.benzthanachart.com/wp-content/uploads/2012/09/my-best-friend.jpg]
[www.benzthanachart.com/smartphone/index.html]
[www.benzthanachart.com/new-york-city/index.html]
[www.benzthanachart.com/wp-content/uploads/2012/09/jojo.jpg]
[www.benzthanachart.com/bangkok-street/index.html]
[www.benzthanachart.com/サーキット-circuit/index.html]
[www.benzthanachart.com/wp-content/uploads/2012/09/triangle1.jpg]
[www.benzthanachart.com/other-me/index.html]
[www.benzthanachart.com/wp-content/uploads/2012/09/000046-copy.jpg]
[www.benzthanachart.com/wp-content/uploads/2012/09/000025.jpg]
[www.benzthanachart.com/press/index.html]
[www.benzthanachart.com/wp-content/uploads/2012/09/000033-copy.jpg]
[www.benzthanachart.com/wp-content/uploads/2012/09/chest1.jpg]
[www.benzthanachart.com/wp-content/uploads/2012/09/stinger.jpg]
[www.benzthanachart.com/wp-content/uploads/2012/09/pa-bua1.jpg]
[www.benzthanachart.com/wp-content/uploads/2012/09/umpon21.jpg]
[www.benzthanachart.com/wp-content/uploads/2012/09/CUP2.jpg]
[www.benzthanachart.com/wp-content/uploads/2012/09/IMG_26861.jpg]
[www.benzthanachart.com/wp-content/uploads/2012/09/9Roll0621.jpg]
[www.benzthanachart.com/wp-content/themes/photonexus2/js/jquery.tipsyc619.js]
[www.benzthanachart.com/wp-content/themes/photonexus2/js/jquery.tweet3860.js]
[s0.wp.com/wp-content/js/devicepx-jetpack3467.js]
[www.benzthanachart.com/index.html]
[www.benzthanachart.com/xmlrpc.php]
[www.benzthanachart.com/comments/feed/index.html]
[www.benzthanachart.com/wp-includes/js/wp-embed.minc1f9.js]
[www.benzthanachart.com/wp-content/themes/photonexus2/images/icons/plus_16x16.png]
[www.benzthanachart.com/wp-content/themes/photonexus2/images/icons/minus_16x4.png]
[www.benzthanachart.com/wp-content/themes/photonexus2/images/pre_background.png]
[www.benzthanachart.com/wp-content/themes/photonexus2/images/tag.gif]
[www.benzthanachart.com/wp-content/themes/photonexus2/images/icons/clock_8x8.png]
[www.benzthanachart.com/wp-content/themes/photonexus2/images/icons/folder_stroke_8x8.png]
[www.benzthanachart.com/wp-content/themes/photonexus2/images/icons/comment_stroke_8x7.png]
[www.benzthanachart.com/wp-content/themes/photonexus2/images/bullets/yes.png]
[www.benzthanachart.com/wp-content/themes/photonexus2/images/bullets/play.png]
[www.benzthanachart.com/wp-content/themes/photonexus2/images/bullets/music.png]
[www.benzthanachart.com/wp-content/themes/photonexus2/images/bullets/star.png]
[www.benzthanachart.com/wp-content/themes/photonexus2/images/bullets/bullet.png]
[www.benzthanachart.com/wp-content/themes/photonexus2/images/buttons/end-button-a.png]
[www.benzthanachart.com/wp-content/themes/photonexus2/images/buttons/gray-button-span.png]
[www.benzthanachart.com/wp-content/themes/photonexus2/images/buttons/download-button-span.png]
[www.benzthanachart.com/wp-content/themes/photonexus2/images/buttons/tick-button-span.png]
[www.benzthanachart.com/wp-content/themes/photonexus2/images/buttons/plus-button-span.png]
[www.benzthanachart.com/wp-content/themes/photonexus2/images/buttons/magnify-button-span.png]
[www.benzthanachart.com/wp-content/themes/photonexus2/images/buttons/play-button-span.png]
[www.benzthanachart.com/wp-content/themes/photonexus2/images/icons/quotation.png]
[www.benzthanachart.com/wp-content/themes/photonexus2/images/icons/magnifying_glass_12x12.png]
[www.benzthanachart.com/wp-content/themes/photonexus2/images/icons/address/home.png]
[www.benzthanachart.com/wp-content/themes/photonexus2/images/icons/address/phone.png]
[www.benzthanachart.com/wp-content/themes/photonexus2/images/icons/address/mobile.png]
[www.benzthanachart.com/wp-content/themes/photonexus2/images/icons/address/email.png]
[www.benzthanachart.com/wp-content/themes/photonexus2/images/qtips/tipsy.gif]
[www.benzthanachart.com/wp-content/themes/photonexus2/stylec1f9.css]
[www.benzthanachart.com/wp-content/themes/photonexus2/images/gallery/prev.png]
[www.benzthanachart.com/wp-content/themes/photonexus2/images/gallery/next.png]
[www.benzthanachart.com/wp-content/themes/photonexus2/images/gallery/play.png]
[www.benzthanachart.com/wp-content/themes/photonexus2/images/gallery/pause.png]
[www.benzthanachart.com/wp-content/themes/photonexus2/css/galleryc1f9.css]
[www.benzthanachart.com/wp-content/themes/photonexus2/js/fancybox/fancybox.png]
[www.benzthanachart.com/wp-content/themes/photonexus2/js/fancybox/blank.gif]
[www.benzthanachart.com/wp-content/themes/photonexus2/js/fancybox/fancybox-x.png]
[www.benzthanachart.com/wp-content/themes/photonexus2/js/fancybox/fancybox-y.png]
[www.benzthanachart.com/wp-content/themes/photonexus2/js/fancybox/fancy_title_over.png]
[www.benzthanachart.com/wp-content/themes/photonexus2/js/fancybox/fancybox/fancy_close.png]
[www.benzthanachart.com/wp-content/themes/photonexus2/js/fancybox/fancybox/fancy_nav_left.png]
[www.benzthanachart.com/wp-content/themes/photonexus2/js/fancybox/fancybox/fancy_nav_right.png]
[www.benzthanachart.com/wp-content/themes/photonexus2/js/fancybox/fancybox/fancy_title_over.png]
[www.benzthanachart.com/wp-content/themes/photonexus2/js/fancybox/fancybox/fancy_title_left.png]
[www.benzthanachart.com/wp-content/themes/photonexus2/js/fancybox/fancybox/fancy_title_main.png]
[www.benzthanachart.com/wp-content/themes/photonexus2/js/fancybox/fancybox/fancy_title_right.png]
[www.benzthanachart.com/wp-content/themes/photonexus2/js/fancybox/fancybox/fancy_loading.png]
[www.benzthanachart.com/wp-content/themes/photonexus2/js/fancybox/fancybox/fancy_shadow_n.png]
[www.benzthanachart.com/wp-content/themes/photonexus2/js/fancybox/fancybox/fancy_shadow_ne.png]
[www.benzthanachart.com/wp-content/themes/photonexus2/js/fancybox/fancybox/fancy_shadow_e.png]
[www.benzthanachart.com/wp-content/themes/photonexus2/js/fancybox/fancybox/fancy_shadow_se.png]
[www.benzthanachart.com/wp-content/themes/photonexus2/js/fancybox/fancybox/fancy_shadow_s.png]
[www.benzthanachart.com/wp-content/themes/photonexus2/js/fancybox/fancybox/fancy_shadow_sw.png]
[www.benzthanachart.com/wp-content/themes/photonexus2/js/fancybox/fancybox/fancy_shadow_w.png]
[www.benzthanachart.com/wp-content/themes/photonexus2/js/fancybox/fancybox/fancy_shadow_nw.png]
[www.benzthanachart.com/wp-content/themes/photonexus2/js/fancybox/jquery.fancybox-1.3.4c1f9.css]
[www.benzthanachart.com/wp-content/themes/photonexus2/images/menu/arrows-ffffff.png]
[www.benzthanachart.com/wp-content/themes/photonexus2/images/menu/shadow.png]
[www.benzthanachart.com/wp-content/themes/photonexus2/css/menu/superfishc1f9.css]
[www.benzthanachart.com/wp-content/themes/photonexus2/css/pagenavic1f9.css]
[www.benzthanachart.com/wp-content/plugins/jetpack/modules/carousel/images/arrows.png]
[www.benzthanachart.com/wp-content/plugins/jetpack/modules/carousel/images/arrows-2x.png]
[www.benzthanachart.com/wp-content/plugins/jetpack/modules/carousel/images/carousel-spritee4da.png]
[www.benzthanachart.com/wp-content/plugins/jetpack/modules/carousel/images/carousel-sprite-2xe4da.png]
[www.benzthanachart.com/wp-content/plugins/jetpack/modules/shortcodes/img/slideshow-controls.png]
[www.benzthanachart.com/wp-content/plugins/jetpack/modules/shortcodes/img/slideshow-controls-2x.png]
[www.benzthanachart.com/wp-content/plugins/jetpack/modules/shortcodes/images/slide-nav.png]
[www.benzthanachart.com/wp-content/plugins/jetpack/modules/shortcodes/images/expand.png]
[www.benzthanachart.com/wp-content/plugins/jetpack/modules/shortcodes/images/collapse.png]
[0.gravatar.com/images/grav-share-sprite.png]
[www.benzthanachart.com/wp-content/plugins/jetpack/css/jetpackf3c8.css]
[www.benzthanachart.com/wp-json/oembed/1.0/embed5ef2.json]
[www.benzthanachart.com/indexea0f.html]
[www.benzthanachart.com/about-me/index.html]
[www.benzthanachart.com/wp-json/oembed/1.0/embedbb35]
[www.benzthanachart.com/wp-json/oembed/1.0/embed0083.json]
[www.benzthanachart.com/index0eba.html]
[www.benzthanachart.com/contact/index.html]
[www.benzthanachart.com/wp-json/oembed/1.0/embedff0d]
[www.benzthanachart.com/wp-json/oembed/1.0/embed9148.json]
[www.benzthanachart.com/index5643.html]
[www.benzthanachart.com/wp-json/oembed/1.0/embed3771]
[www.benzthanachart.com/wp-content/uploads/2012/09/215039_401938339881879_218179155_n.jpg]
[www.benzthanachart.com/wp-content/uploads/2012/09/385289_420275588048154_1181725407_n.jpg]
[www.benzthanachart.com/wp-content/uploads/2012/09/jubplha1.jpg]
[www.benzthanachart.com/wp-content/uploads/2012/09/iu1.jpg]
[www.benzthanachart.com/wp-content/uploads/2012/09/tree-one1.jpg]
[www.benzthanachart.com/wp-content/uploads/2012/09/tree-korat1.jpg]
[www.benzthanachart.com/wp-content/uploads/2012/09/tree-siam1.jpg]
[www.benzthanachart.com/wp-content/uploads/2012/09/ben.jpg]
[www.benzthanachart.com/wp-content/uploads/2012/09/noknoknok1.jpg]
[www.benzthanachart.com/wp-content/uploads/2012/09/moon1.jpg]
[www.benzthanachart.com/i-meditate/index.html]
[www.benzthanachart.com/wp-json/oembed/1.0/embedc267.json]
[www.benzthanachart.com/indexe887.html]
[www.benzthanachart.com/wp-json/oembed/1.0/embed511a]
[www.benzthanachart.com/wp-content/uploads/2012/09/1.jpg]
[www.benzthanachart.com/wp-content/uploads/2012/09/2.jpg]
[www.benzthanachart.com/wp-content/uploads/2012/09/3.jpg]
[www.benzthanachart.com/wp-content/uploads/2012/09/4.jpg]
[www.benzthanachart.com/wp-content/uploads/2012/09/5.jpg]
[www.benzthanachart.com/wp-content/uploads/2012/09/6.jpg]
[www.benzthanachart.com/wp-content/uploads/2012/09/7.jpg]
[www.benzthanachart.com/smartphone/index.html]
[www.benzthanachart.com/wp-json/oembed/1.0/embedb591.json]
[www.benzthanachart.com/index47f2.html]
[www.benzthanachart.com/wp-json/oembed/1.0/embedaa3a]
[www.benzthanachart.com/wp-content/uploads/2012/09/12.jpg]
[www.benzthanachart.com/wp-content/uploads/2012/09/with-baby.jpg]
[www.benzthanachart.com/wp-content/uploads/2012/09/window-display.jpg]
[www.benzthanachart.com/wp-content/uploads/2012/09/moma2.jpg]
[www.benzthanachart.com/wp-content/uploads/2012/09/scoopter.jpg]
[www.benzthanachart.com/wp-content/uploads/2012/09/misceliouis.jpg]
[www.benzthanachart.com/wp-content/uploads/2012/09/730.jpg]
[www.benzthanachart.com/wp-content/uploads/2012/09/micheal-bay.jpg]
[www.benzthanachart.com/wp-content/uploads/2012/09/IMG_2686.jpg]
[www.benzthanachart.com/wp-content/uploads/2012/09/ccoconut.jpg]
[www.benzthanachart.com/wp-content/uploads/2012/09/911.jpg]
[www.benzthanachart.com/wp-content/uploads/2012/09/aqulium.jpg]
[www.benzthanachart.com/wp-content/uploads/2012/09/9Roll062.jpg]
[www.benzthanachart.com/wp-content/uploads/2012/09/6Roll007.jpg]
[www.benzthanachart.com/wp-content/uploads/2012/09/9Roll021.jpg]
[www.benzthanachart.com/wp-content/uploads/2012/09/6Roll019.jpg]
[www.benzthanachart.com/wp-content/uploads/2012/09/9Roll019.jpg]
[www.benzthanachart.com/wp-content/uploads/2012/09/7Roll055.jpg]
[www.benzthanachart.com/wp-content/uploads/2012/09/8Roll015.jpg]
[www.benzthanachart.com/wp-content/uploads/2012/09/7Roll046-copy-2.jpg]
[www.benzthanachart.com/wp-content/uploads/2012/09/7Roll062.jpg]
[www.benzthanachart.com/new-york-city/index.html]
[www.benzthanachart.com/wp-json/oembed/1.0/embed2951.json]
[www.benzthanachart.com/index04cd.html]
[www.benzthanachart.com/wp-json/oembed/1.0/embed8c46]
[www.benzthanachart.com/wp-content/uploads/2012/09/สี่เหลี่ยม.jpg]
[www.benzthanachart.com/wp-content/uploads/2012/09/triangle.jpg]
[www.benzthanachart.com/wp-content/uploads/2012/09/staring.jpg]
[www.benzthanachart.com/wp-content/uploads/2012/09/skateboard_buddha.jpg]
[www.benzthanachart.com/wp-content/uploads/2012/09/double-leg.jpg]
[www.benzthanachart.com/wp-content/uploads/2012/09/chest.jpg]
[www.benzthanachart.com/wp-content/uploads/2012/09/baby.jpg]
[www.benzthanachart.com/wp-content/uploads/2012/09/ARMA.jpg]
[www.benzthanachart.com/bangkok-street/index.html]
[www.benzthanachart.com/サーキット-circuit/index.html]
[www.benzthanachart.com/wp-json/oembed/1.0/embedecd1.json]
[www.benzthanachart.com/wp-json/oembed/1.0/embeda86f]
[www.benzthanachart.com/wp-content/uploads/2012/09/pa-bua.jpg]
[www.benzthanachart.com/index6f72.html]
[www.benzthanachart.com/wp-content/uploads/2012/09/umpon2.jpg]
[www.benzthanachart.com/wp-content/uploads/2012/09/p-yua-lek.jpg]
[www.benzthanachart.com/wp-content/uploads/2012/09/p-tadum.jpg]
[www.benzthanachart.com/wp-content/uploads/2012/09/n-ice.jpg]
[www.benzthanachart.com/other-me/index.html]
[www.benzthanachart.com/wp-json/oembed/1.0/embedb12e.json]
[www.benzthanachart.com/wp-json/oembed/1.0/embedb8fb]
[www.benzthanachart.com/wp-content/uploads/2012/12/538113_429072787168434_398023941_n.jpg]
[www.benzthanachart.com/wp-content/uploads/2012/12/427635_10151157071451751_1422372649_n.jpg]
[www.benzthanachart.com/wp-content/uploads/2012/12/dailymail-uk.jpg]
[www.benzthanachart.com/wp-content/uploads/2012/12/artist-cat.jpg]
[www.benzthanachart.com/wp-content/uploads/2012/12/la.jpg]
[www.benzthanachart.com/wp-content/uploads/2012/12/sf-gategate.jpg]
[www.benzthanachart.com/index7d69.html]
[www.benzthanachart.com/wp-content/uploads/2012/12/happeningsmall.jpg]
[www.benzthanachart.com/wp-content/uploads/2012/12/petapixelsmall.jpg]
[www.benzthanachart.com/press/index.html]
[s0.wp.com/wp-content/js/devicepx-jetpack3467.js]
[www.benzthanachart.com/wp-content/themes/photonexus2/images/tag.html]
[www.benzthanachart.com/wp-content/themes/photonexus2/images/gallery/prev.html]
[www.benzthanachart.com/wp-content/themes/photonexus2/images/gallery/next.html]
[www.benzthanachart.com/wp-content/themes/photonexus2/js/fancybox/fancybox/fancy_close.html]
[www.benzthanachart.com/wp-content/themes/photonexus2/js/fancybox/fancybox/fancy_nav_left.html]
[www.benzthanachart.com/wp-content/themes/photonexus2/js/fancybox/fancybox/fancy_nav_right.html]
[www.benzthanachart.com/wp-content/themes/photonexus2/js/fancybox/fancybox/fancy_title_over.html]
[www.benzthanachart.com/wp-content/themes/photonexus2/js/fancybox/fancybox/fancy_title_left.html]
[www.benzthanachart.com/wp-content/themes/photonexus2/js/fancybox/fancybox/fancy_title_main.html]
[www.benzthanachart.com/wp-content/themes/photonexus2/js/fancybox/fancybox/fancy_title_right.html]
[www.benzthanachart.com/wp-content/themes/photonexus2/js/fancybox/fancybox/fancy_loading.html]
[www.benzthanachart.com/wp-content/themes/photonexus2/js/fancybox/fancybox/fancy_shadow_n.html]
[www.benzthanachart.com/wp-content/themes/photonexus2/js/fancybox/fancybox/fancy_shadow_ne.html]
[www.benzthanachart.com/wp-content/themes/photonexus2/js/fancybox/fancybox/fancy_shadow_e.html]
[www.benzthanachart.com/wp-content/themes/photonexus2/js/fancybox/fancybox/fancy_shadow_se.html]
[www.benzthanachart.com/wp-content/themes/photonexus2/js/fancybox/fancybox/fancy_shadow_s.html]
[www.benzthanachart.com/wp-content/themes/photonexus2/js/fancybox/fancybox/fancy_shadow_sw.html]
[www.benzthanachart.com/wp-content/themes/photonexus2/js/fancybox/fancybox/fancy_shadow_w.html]
[www.benzthanachart.com/wp-content/themes/photonexus2/js/fancybox/fancybox/fancy_shadow_nw.html]
[www.benzthanachart.com/indexea0f.html]
[www.benzthanachart.com/index0eba.html]
[www.benzthanachart.com/index5643.html]
[www.benzthanachart.com/wp-content/uploads/2012/09/tree-ppod1.jpg]
[www.benzthanachart.com/wp-content/uploads/2012/09/CUP1.jpg]
[www.benzthanachart.com/wp-content/uploads/2012/09/loyyyy1.jpg]
[www.benzthanachart.com/indexe887.html]
[www.benzthanachart.com/wp-content/uploads/2012/09/june.jpg]
[www.benzthanachart.com/index47f2.html]
[www.benzthanachart.com/index04cd.html]
[www.benzthanachart.com/index6f72.html]
[www.benzthanachart.com/index7d69.html]
